###############################################################################
#
# IAR ELF Linker V8.50.9.278/W32 for ARM                  13/Mar/2021  10:59:28
# Copyright 2007-2020 IAR Systems AB.
#
#    Output file  =
#        C:\ti\Projetos\EK-TM4C1294_IAR8-master\Projects\lab-03\Debug\Exe\lab-03.out
#    Map file     =
#        C:\ti\Projetos\EK-TM4C1294_IAR8-master\Projects\lab-03\Debug\List\lab-03.map
#    Command line =
#        -f C:\Users\denni\AppData\Local\Temp\EW18CD.tmp
#        (C:\ti\Projetos\EK-TM4C1294_IAR8-master\Projects\lab-03\Debug\Obj\driverleds.o
#        C:\ti\Projetos\EK-TM4C1294_IAR8-master\TivaWare_C_Series-2.1.4.178\driverlib\ewarm\Exe\driverlib.a
#        C:\ti\Projetos\EK-TM4C1294_IAR8-master\Projects\lab-03\Debug\Obj\lab-03.o
#        C:\ti\Projetos\EK-TM4C1294_IAR8-master\Projects\lab-03\Debug\Obj\startup_TM4C1294.o
#        C:\ti\Projetos\EK-TM4C1294_IAR8-master\Projects\lab-03\Debug\Obj\system_TM4C1294_TW.o
#        --no_out_extension -o
#        C:\ti\Projetos\EK-TM4C1294_IAR8-master\Projects\lab-03\Debug\Exe\lab-03.out
#        --map
#        C:\ti\Projetos\EK-TM4C1294_IAR8-master\Projects\lab-03\Debug\List\lab-03.map
#        --config "C:\Program
#        Files\EWARM\arm\config\linker\TexasInstruments\TM4C1294NC.icf"
#        --semihosting --entry __iar_program_start --vfe --text_out locale)
#
###############################################################################

*******************************************************************************
*** RUNTIME MODEL ATTRIBUTES
***

CppFlavor       = *
__SystemLibrary = DLib
__dlib_version  = 6


*******************************************************************************
*** HEAP SELECTION
***

The basic heap was selected because some modules are built with
size limitations (and not runtime checking), and --advanced_heap
was not specified.


*******************************************************************************
*** PLACEMENT SUMMARY
***

"A0":  place at address 0x0 { ro section .intvec };
"P1":  place in [from 0x0 to 0xf'ffff] { ro };
define block CSTACK with size = 32K, alignment = 8 { };
define block HEAP with size = 64K, alignment = 8 { };
"P2":  place in [from 0x2000'0000 to 0x2003'ffff] {
          rw, block CSTACK, block HEAP };

  Section          Kind         Address    Size  Object
  -------          ----         -------    ----  ------
"A0":                                     0x3c0
  .intvec          ro code          0x0   0x3c0  startup_TM4C1294.o [1]
                                - 0x3c0   0x3c0

"P1":                                     0x998
  .text            ro code        0x3c0   0x29c  sysctl.o [3]
  .rodata          const          0x65c   0x1b0  sysctl.o [3]
  .text            ro code        0x80c   0x154  driverleds.o [1]
  .text            ro code        0x960   0x14e  gpio.o [3]
  .text            ro code        0xaae    0x3a  zero_init3.o [4]
  .text            ro code        0xae8    0xd0  lab-03.o [1]
  .text            ro code        0xbb8    0x28  systick.o [3]
  .rodata          const          0xbe0    0x6c  sysctl.o [3]
  .rodata          const          0xc4c    0x30  sysctl.o [3]
  .text            ro code        0xc7c    0x2c  system_TM4C1294_TW.o [1]
  .text            ro code        0xca8    0x28  data_init.o [4]
  .iar.init_table  const          0xcd0    0x10  - Linker created -
  .text            ro code        0xce0    0x1e  cmain.o [4]
  .text            ro code        0xcfe     0x4  low_level_init.o [2]
  .text            ro code        0xd02     0x4  exit.o [2]
  .text            ro code        0xd06     0x2  startup_TM4C1294.o [1]
  .text            ro code        0xd08     0xa  cexit.o [4]
  .text            ro code        0xd14    0x14  exit.o [5]
  .text            ro code        0xd28    0x1c  cstartup_M.o [4]
  .text            ro code        0xd44    0x14  startup_TM4C1294.o [1]
  .rodata          const          0xd58     0x0  zero_init3.o [4]
                                - 0xd58   0x998

"P2", part 1 of 2:                          0x4
  .bss             zero     0x2000'0000     0x1  lab-03.o [1]
  .bss             zero     0x2000'0001     0x1  lab-03.o [1]
                          - 0x2000'0002     0x2

"P2", part 2 of 2:                       0x8004
  .noinit          uninit   0x2000'0004     0x4  system_TM4C1294_TW.o [1]
  CSTACK                    0x2000'0008  0x8000  <Block>
    CSTACK         uninit   0x2000'0008  0x8000  <Block tail>
                          - 0x2000'8008  0x8004

Unused ranges:

         From           To      Size
         ----           --      ----
        0xd58     0xf'ffff  0xf'f2a8
  0x2000'8008  0x2003'ffff  0x3'7ff8


*******************************************************************************
*** INIT TABLE
***

          Address      Size
          -------      ----
Zero (__iar_zero_init3)
    1 destination range, total size 0x2:
          0x2000'0000   0x2



*******************************************************************************
*** MODULE SUMMARY
***

    Module                ro code  ro data  rw data
    ------                -------  -------  -------
command line/config:
    -----------------------------------------------
    Total:

C:\ti\Projetos\EK-TM4C1294_IAR8-master\Projects\lab-03\Debug\Obj: [1]
    driverleds.o              340
    lab-03.o                  208                 2
    startup_TM4C1294.o        982
    system_TM4C1294_TW.o       44                 4
    -----------------------------------------------
    Total:                  1'574                 6

dl7M_tln.a: [2]
    exit.o                      4
    low_level_init.o            4
    -----------------------------------------------
    Total:                      8

driverlib.a: [3]
    gpio.o                    334
    sysctl.o                  668      588
    systick.o                  40
    -----------------------------------------------
    Total:                  1'042      588

rt7M_tl.a: [4]
    cexit.o                    10
    cmain.o                    30
    cstartup_M.o               28
    data_init.o                40
    zero_init3.o               58
    -----------------------------------------------
    Total:                    166

shb_l.a: [5]
    exit.o                     20
    -----------------------------------------------
    Total:                     20

    Gaps                        2
    Linker created                      16   32'768
---------------------------------------------------
    Grand Total:            2'812      604   32'774


*******************************************************************************
*** ENTRY LIST
***

Entry                       Address   Size  Type      Object
-----                       -------   ----  ----      ------
.iar.init_table$$Base         0xcd0          --   Gb  - Linker created -
.iar.init_table$$Limit        0xce0          --   Gb  - Linker created -
?main                         0xce1         Code  Gb  cmain.o [4]
CSTACK$$Base            0x2000'0008          --   Gb  - Linker created -
CSTACK$$Limit           0x2000'8008          --   Gb  - Linker created -
Evento                  0x2000'0000    0x1  Data  Gb  lab-03.o [1]
GPIODirModeSet                0x961   0x28  Code  Gb  gpio.o [3]
GPIOPadConfigSet              0x989  0x102  Code  Gb  gpio.o [3]
GPIOPinTypeGPIOOutput         0xa93    0xa  Code  Gb  gpio.o [3]
GPIOPinWrite                  0xa8b    0x8  Code  Gb  gpio.o [3]
LEDInit                       0x80d   0xc6  Code  Gb  driverleds.o [1]
LEDOff                        0x911   0x3e  Code  Gb  driverleds.o [1]
LEDOn                         0x8d3   0x3e  Code  Gb  driverleds.o [1]
Region$$Table$$Base           0xcd0          --   Gb  - Linker created -
Region$$Table$$Limit          0xce0          --   Gb  - Linker created -
SysCtlClockFreqSet            0x421  0x1fc  Code  Gb  sysctl.o [3]
SysCtlPeripheralEnable        0x403    0x8  Code  Gb  sysctl.o [3]
SysCtlPeripheralReady         0x3e1    0x8  Code  Gb  sysctl.o [3]
SysTickEnable                 0xbb9    0xc  Code  Gb  systick.o [3]
SysTickIntEnable              0xbc5    0xc  Code  Gb  systick.o [3]
SysTickPeriodSet              0xbd1    0x8  Code  Gb  systick.o [3]
SysTick_Handler               0xae9    0x8  Code  Gb  lab-03.o [1]
SystemCoreClock         0x2000'0004    0x4  Data  Gb  system_TM4C1294_TW.o [1]
SystemInit                    0xc7d   0x1a  Code  Gb  system_TM4C1294_TW.o [1]
_SysCtlMemTimingGet           0x3c1   0x20  Code  Lc  sysctl.o [3]
__Vectors                       0x0          --   Gb  startup_TM4C1294.o [1]
__Vectors_End                 0x3c0         Data  Gb  startup_TM4C1294.o [1]
__Vectors_Size {Abs}          0x3c0          --   Gb  startup_TM4C1294.o [1]
__cmain                       0xce1         Code  Gb  cmain.o [4]
__exit                        0xd15   0x14  Code  Gb  exit.o [5]
__iar_data_init3              0xca9   0x28  Code  Gb  data_init.o [4]
__iar_init_vfp                0xd4d         Code  Wk  startup_TM4C1294.o [1]
__iar_program_start           0xd29         Code  Gb  cstartup_M.o [4]
__iar_zero_init3              0xaaf   0x3a  Code  Gb  zero_init3.o [4]
__low_level_init              0xcff    0x4  Code  Gb  low_level_init.o [2]
__vector_table                  0x0         Data  Gb  startup_TM4C1294.o [1]
__vector_table_0x1c            0x1c         Data  Gb  startup_TM4C1294.o [1]
_call_main                    0xced         Code  Gb  cmain.o [4]
_exit                         0xd09         Code  Gb  cexit.o [4]
_main                         0xcf7         Code  Gb  cmain.o [4]
exit                          0xd03    0x4  Code  Gb  exit.o [2]
g_pppui32XTALtoVCO            0x65c  0x1b0  Data  Lc  sysctl.o [3]
g_pui32VCOFrequencies         0x654    0x8  Data  Lc  sysctl.o [3]
g_pui32Xtals                  0xbe0   0x6c  Data  Lc  sysctl.o [3]
g_sXTALtoMEMTIM               0xc4c   0x30  Data  Lc  sysctl.o [3]
main                          0xaf1   0xba  Code  Gb  lab-03.o [1]
main::Estado            0x2000'0001    0x1  Data  Lc  lab-03.o [1]


[1] = C:\ti\Projetos\EK-TM4C1294_IAR8-master\Projects\lab-03\Debug\Obj
[2] = dl7M_tln.a
[3] = driverlib.a
[4] = rt7M_tl.a
[5] = shb_l.a

   2'812 bytes of readonly  code memory
     604 bytes of readonly  data memory
  32'774 bytes of readwrite data memory

Errors: none
Warnings: none
